[www.solarcosur.com/index.html]
[backblue.gif]
[fade.gif]
[index.html]
[u.jimcdn.com/cms/o/s8305c075a15b3c36/img/favicon0ae7.png]
[u.jimcdn.com/cms/o/s8305c075a15b3c36/layout/l4c5aa3744e2f1c20/css/main1010.css]
[u.jimcdn.com/cms/o/s8305c075a15b3c36/layout/l4c5aa3744e2f1c20/css/layout3e1b.css]
[u.jimcdn.com/cms/o/s8305c075a15b3c36/layout/l4c5aa3744e2f1c20/css/font1010.css]
[assets.jimstatic.com/web_oldtemplate.css.37c7b1161a14ed658939affffc0d6ce4.css]
[assets.jimstatic.com/ownbgr.css.72b304e248c5b0dc046b611c132c3ad2.css]
[assets.jimstatic.com/web.js.910333d9b0963d96f918.js]
[u.jimcdn.com/cms/o/s8305c075a15b3c36/emotion/crop/headerde98.png]
[image.jimcdn.com/app/cms/image/transf/dimension=190x107_format=jpg/path/s8305c075a15b3c36/logo/version/1306516849/image.jpg]
[image.jimcdn.com/app/cms/image/transf/dimension=300x10000_format=jpg/path/s8305c075a15b3c36/image/ic89e319ace2cd1ce/version/1309794749/image.jpg]
[image.jimcdn.com/app/cms/image/transf/none/path/s8305c075a15b3c36/image/ib1f5678aace7144a/version/1337800321/image.png]
[image.jimcdn.com/flags.jpg]
[www.solarcosur.com/nuestra-empresa/index.html]
[www.solarcosur.com/productos-y-servicios/index.html]
[www.solarcosur.com/galería/index.html]
[www.solarcosur.com/nuestros-clientes/index.html]
[www.solarcosur.com/novedades/index.html]
[www.solarcosur.com/index.html]
[www.solarcosur.com/contacto/index.html]
[www.solarcosur.com/productos-y-servicios/producción-de-electricidad/index.html]
[www.solarcosur.com/productos-y-servicios/producción-de-agua-caliente-sanitaria/index.html]
[www.solarcosur.com/productos-y-servicios/producción-de-agua-caliente-sanitaria/bombas-de-calor/index.html]
[image.jimcdn.com/app/cms/image/transf/none/path/s8305c075a15b3c36/background/ic54b583ffb78d094/version/1361211628/image.jpg]
[u.jimcdn.com/cms/o/s8305c075a15b3c36/layout/l4c5aa3744e2f1c20/css/main1010.css]
[u.jimcdn.com/cms/o/layout/l4c5aa3744e2f1c20/img/top.gif]
[www.solarcosur.com/sitemap/index.html]
[u.jimcdn.com/cms/o/layout/l4c5aa3744e2f1c20/img/top.png]
[www.solarcosur.com/about/index.html]
[u.jimcdn.com/cms/o/layout/l4c5aa3744e2f1c20/img/content_bg.gif]
[u.jimcdn.com/cms/o/layout/l4c5aa3744e2f1c20/img/content_bg.png]
[u.jimcdn.com/cms/o/layout/l4c5aa3744e2f1c20/img/menu_bg.gif]
[u.jimcdn.com/cms/o/layout/l4c5aa3744e2f1c20/img/menu_top.gif]
[u.jimcdn.com/cms/o/layout/l4c5aa3744e2f1c20/img/menu_btm.gif]
[u.jimcdn.com/cms/o/layout/l4c5aa3744e2f1c20/img/bottom.gif]
[u.jimcdn.com/cms/o/layout/l4c5aa3744e2f1c20/img/bottom.png]
[u.jimcdn.com/cms/o/layout/l4c5aa3744e2f1c20/img/menu_bullet.gif]
[u.jimcdn.com/cms/o/s8305c075a15b3c36/layout/l4c5aa3744e2f1c20/css/layout3e1b.css]
[u.jimcdn.com/cms/o/s8305c075a15b3c36/layout/l4c5aa3744e2f1c20/css/font1010.css]
[assets.jimstatic.com/e1ca6e007c91d4ef9ee063940b504870.png]
[assets.jimstatic.com/d32401d55ec237cee50e487c6eefa908.gif]
[assets.jimstatic.com/9e4dc55ad6bdd8b8bafced6241dac621.png]
[assets.jimstatic.com/web_oldtemplate.css.37c7b1161a14ed658939affffc0d6ce4.css]
[assets.jimstatic.com/b257fa9c5ac8c515ac4d77a667ce2943.svg]
[assets.jimstatic.com/ownbgr.css.72b304e248c5b0dc046b611c132c3ad2.css]
[image.jimcdn.com/app/cms/image/transf/dimension=300x10000_format=jpg/path/s8305c075a15b3c36/image/i517a7e25e1176ce4/version/1306529739/image.jpg]
[www.solarcosur.com/nuestra-empresa/index.html]
[image.jimcdn.com/app/cms/image/transf/dimension=300x10000_format=jpg/path/s8305c075a15b3c36/image/i15fcfef19aa0ce14/version/1340382240/image.jpg]
[image.jimcdn.com/app/cms/image/transf/none/path/s8305c075a15b3c36/image/id7dffcd048bc9dbc/version/1307565534/image.jpg]
[www.solarcosur.com/nuestra-empresa/oficinas/index.html]
[image.jimcdn.com/app/cms/image/transf/none/path/s8305c075a15b3c36/image/i12151d95cfba80e5/version/1307565534/image.jpg]
[image.jimcdn.com/app/cms/image/transf/none/path/s8305c075a15b3c36/image/i1e4f205d469ab236/version/1307565534/image.jpg]
[image.jimcdn.com/app/cms/image/transf/dimension=25x25_mode=crop_format=jpg/path/s8305c075a15b3c36/image/id7dffcd048bc9dbc/version/1307565534/image.jpg]
[image.jimcdn.com/app/cms/image/transf/dimension=25x25_mode=crop_format=jpg/path/s8305c075a15b3c36/image/i12151d95cfba80e5/version/1307565534/image.jpg]
[image.jimcdn.com/app/cms/image/transf/dimension=25x25_mode=crop_format=jpg/path/s8305c075a15b3c36/image/i1e4f205d469ab236/version/1307565534/image.jpg]
[image.jimcdn.com/app/cms/image/transf/none/path/s8305c075a15b3c36/image/i507206fa7bbc8adb/version/1306442268/image.jpg]
[image.jimcdn.com/app/cms/image/transf/none/path/s8305c075a15b3c36/image/i2cda09faab2d19e2/version/1340382335/image.jpg]
[image.jimcdn.com/app/cms/image/transf/dimension=25x25_mode=crop_format=jpg/path/s8305c075a15b3c36/image/i507206fa7bbc8adb/version/1306442268/image.jpg]
[image.jimcdn.com/app/cms/image/transf/dimension=25x25_mode=crop_format=jpg/path/s8305c075a15b3c36/image/i2cda09faab2d19e2/version/1340382335/image.jpg]
[www.solarcosur.com/productos-y-servicios/index.html]
[image.jimcdn.com/app/cms/image/transf/dimension=4096x4096_format=jpg/path/s8305c075a15b3c36/image/i1385faae4ad2a457/version/1446135212/image.jpg]
[image.jimcdn.com/app/cms/image/transf/none/path/s8305c075a15b3c36/image/i1385faae4ad2a457/version/1446135212/image.jpg]
[image.jimcdn.com/app/cms/image/transf/none/path/s8305c075a15b3c36/image/ifc18e69eaa2ef2ab/version/1446135212/image.jpg]
[image.jimcdn.com/app/cms/image/transf/none/path/s8305c075a15b3c36/image/i0939ae5ae81d963c/version/1446135212/image.jpg]
[image.jimcdn.com/app/cms/image/transf/none/path/s8305c075a15b3c36/image/i8d1e9ecc703e80f3/version/1446135212/image.jpg]
[image.jimcdn.com/app/cms/image/transf/dimension=25x25_mode=crop_format=jpg/path/s8305c075a15b3c36/image/i1385faae4ad2a457/version/1446135212/image.jpg]
[image.jimcdn.com/app/cms/image/transf/dimension=25x25_mode=crop_format=jpg/path/s8305c075a15b3c36/image/ifc18e69eaa2ef2ab/version/1446135212/image.jpg]
[image.jimcdn.com/app/cms/image/transf/dimension=25x25_mode=crop_format=jpg/path/s8305c075a15b3c36/image/i0939ae5ae81d963c/version/1446135212/image.jpg]
[image.jimcdn.com/app/cms/image/transf/dimension=25x25_mode=crop_format=jpg/path/s8305c075a15b3c36/image/i8d1e9ecc703e80f3/version/1446135212/image.jpg]
[image.jimcdn.com/app/cms/image/transf/none/path/s8305c075a15b3c36/image/ibe37248e9fad7d43/version/1338391629/image.jpg]
[image.jimcdn.com/app/cms/image/transf/none/path/s8305c075a15b3c36/image/idc5e262ae1e169ce/version/1338391629/image.jpg]
[image.jimcdn.com/app/cms/image/transf/dimension=25x25_mode=crop_format=jpg/path/s8305c075a15b3c36/image/ibe37248e9fad7d43/version/1338391629/image.jpg]
[image.jimcdn.com/app/cms/image/transf/dimension=25x25_mode=crop_format=jpg/path/s8305c075a15b3c36/image/idc5e262ae1e169ce/version/1338391629/image.jpg]
[image.jimcdn.com/app/cms/image/transf/none/path/s8305c075a15b3c36/image/i7c0cabaa378361a7/version/1338392065/image.jpg]
[image.jimcdn.com/app/cms/image/transf/none/path/s8305c075a15b3c36/image/i8bb6e3631fe97103/version/1338392065/image.jpg]
[image.jimcdn.com/app/cms/image/transf/none/path/s8305c075a15b3c36/image/i50bf7d6af21deec4/version/1338392065/image.jpg]
[image.jimcdn.com/app/cms/image/transf/dimension=25x25_mode=crop_format=jpg/path/s8305c075a15b3c36/image/i7c0cabaa378361a7/version/1338392065/image.jpg]
[image.jimcdn.com/app/cms/image/transf/dimension=25x25_mode=crop_format=jpg/path/s8305c075a15b3c36/image/i8bb6e3631fe97103/version/1338392065/image.jpg]
[image.jimcdn.com/app/cms/image/transf/dimension=25x25_mode=crop_format=jpg/path/s8305c075a15b3c36/image/i50bf7d6af21deec4/version/1338392065/image.jpg]
[image.jimcdn.com/app/cms/image/transf/dimension=300x10000_format=jpg/path/s8305c075a15b3c36/image/i59a497f4c0aa14bc/version/1338392202/image.jpg]
[image.jimcdn.com/app/cms/image/transf/none/path/s8305c075a15b3c36/image/i3bbf1b7baff9e9aa/version/1338392292/image.jpg]
[image.jimcdn.com/app/cms/image/transf/none/path/s8305c075a15b3c36/image/i24b4ed2fe8a161dc/version/1338392292/image.jpg]
[image.jimcdn.com/app/cms/image/transf/none/path/s8305c075a15b3c36/image/ic774fd6e5c342d0e/version/1338392292/image.jpg]
[image.jimcdn.com/app/cms/image/transf/dimension=25x25_mode=crop_format=jpg/path/s8305c075a15b3c36/image/i3bbf1b7baff9e9aa/version/1338392292/image.jpg]
[image.jimcdn.com/app/cms/image/transf/dimension=25x25_mode=crop_format=jpg/path/s8305c075a15b3c36/image/i24b4ed2fe8a161dc/version/1338392292/image.jpg]
[image.jimcdn.com/app/cms/image/transf/dimension=25x25_mode=crop_format=jpg/path/s8305c075a15b3c36/image/ic774fd6e5c342d0e/version/1338392292/image.jpg]
[image.jimcdn.com/app/cms/image/transf/dimension=2048x2048_format=jpg/path/s8305c075a15b3c36/image/i7be4f988617a53af/version/1523590205/image.jpg]
[image.jimcdn.com/app/cms/image/transf/dimension=2048x2048_format=jpg/path/s8305c075a15b3c36/image/ibfd2717614b430dc/version/1523590205/image.jpg]
[image.jimcdn.com/app/cms/image/transf/none/path/s8305c075a15b3c36/image/i352d784d59578834/version/1523590258/image.jpg]
[image.jimcdn.com/app/cms/image/transf/dimension=25x25_mode=crop_format=jpg/path/s8305c075a15b3c36/image/i7be4f988617a53af/version/1523590205/image.jpg]
[image.jimcdn.com/app/cms/image/transf/dimension=25x25_mode=crop_format=jpg/path/s8305c075a15b3c36/image/ibfd2717614b430dc/version/1523590205/image.jpg]
[image.jimcdn.com/app/cms/image/transf/dimension=25x25_mode=crop_format=jpg/path/s8305c075a15b3c36/image/i352d784d59578834/version/1523590258/image.jpg]
[image.jimcdn.com/app/cms/image/transf/none/path/s8305c075a15b3c36/image/i6aaab639f19e7a61/version/1523625402/image.jpg]
[image.jimcdn.com/app/cms/image/transf/none/path/s8305c075a15b3c36/image/i3f08beba42095564/version/1523625374/image.jpg]
[image.jimcdn.com/app/cms/image/transf/none/path/s8305c075a15b3c36/image/i399bcaa0776849c2/version/1523625374/image.jpg]
[image.jimcdn.com/app/cms/image/transf/dimension=25x25_mode=crop_format=jpg/path/s8305c075a15b3c36/image/i6aaab639f19e7a61/version/1523625402/image.jpg]
[image.jimcdn.com/app/cms/image/transf/dimension=25x25_mode=crop_format=jpg/path/s8305c075a15b3c36/image/i3f08beba42095564/version/1523625374/image.jpg]
[image.jimcdn.com/app/cms/image/transf/dimension=25x25_mode=crop_format=jpg/path/s8305c075a15b3c36/image/i399bcaa0776849c2/version/1523625374/image.jpg]
[www.solarcosur.com/nuestros-clientes/index.html]
[www.solarcosur.com/galería/index.html]
[image.jimcdn.com/app/cms/image/transf/dimension=390x390_mode=crop_format=jpg/path/s8305c075a15b3c36/image/i178490d0a417a85a/version/1341588296/image.jpg]
[image.jimcdn.com/app/cms/image/transf/dimension=360x360_mode=crop_format=jpg/path/s8305c075a15b3c36/image/i616a652ca68c2cd2/version/1341588256/image.jpg]
[image.jimcdn.com/app/cms/image/transf/dimension=360x360_mode=crop_format=jpg/path/s8305c075a15b3c36/image/i74f556f6eec370fd/version/1341588256/image.jpg]
[image.jimcdn.com/app/cms/image/transf/dimension=360x360_mode=crop_format=jpg/path/s8305c075a15b3c36/image/i36cb0d05b93751bf/version/1341588278/image.jpg]
[image.jimcdn.com/app/cms/image/transf/dimension=360x360_mode=crop_format=jpg/path/s8305c075a15b3c36/image/i58c101fd67c4b12b/version/1341588278/image.jpg]
[image.jimcdn.com/app/cms/image/transf/dimension=360x360_mode=crop_format=jpg/path/s8305c075a15b3c36/image/if60f5234e424f7e6/version/1341588278/image.jpg]
[image.jimcdn.com/app/cms/image/transf/dimension=360x360_mode=crop_format=jpg/path/s8305c075a15b3c36/image/ie4c552d0c88ea7ec/version/1341588278/image.jpg]
[www.solarcosur.com/novedades/index.html]
[www.solarcosur.com/contacto/index.html]
[www.solarcosur.com/productos-y-servicios/producción-de-electricidad/index.html]
[www.solarcosur.com/productos-y-servicios/producción-de-agua-caliente-sanitaria/index.html]
[www.solarcosur.com/productos-y-servicios/producción-de-agua-caliente-sanitaria/bombas-de-calor/index.html]
[www.solarcosur.com/about/index.html]
[www.solarcosur.com/sitemap/index.html]
[www.solarcosur.com/productos-y-servicios/producción-de-agua-caliente-sanitaria/depósito-de-agua-caliente-sanitaria/index.html]
[www.solarcosur.com/productos-y-servicios/producción-de-agua-caliente-sanitaria/telecomando-de-sistemas-solares/index.html]
[www.solarcosur.com/productos-y-servicios/producción-de-electricidad/módulo-de-fotovoltaica-policristalino/index.html]
[www.solarcosur.com/productos-y-servicios/producción-de-agua-caliente-sanitaria/captador-plano/index.html]
[assets.jimstatic.com/b257fa9c5ac8c515ac4d77a667ce2943.svg]
[www.solarcosur.com/nuestra-empresa/oficinas/index.html]
[www.solarcosur.com/productos-y-servicios/producción-de-agua-caliente-sanitaria/captador-plano/index.html]
[www.solarcosur.com/productos-y-servicios/producción-de-agua-caliente-sanitaria/depósito-de-agua-caliente-sanitaria/index.html]
[www.solarcosur.com/productos-y-servicios/producción-de-agua-caliente-sanitaria/telecomando-de-sistemas-solares/index.html]
[www.solarcosur.com/productos-y-servicios/producción-de-electricidad/módulo-de-fotovoltaica-policristalino/index.html]
[www.solarcosur.com/productos-y-servicios/producción-de-electricidad/módulo-de-fotovoltaica-monocristalino/index.html]
[www.solarcosur.com/productos-y-servicios/producción-de-electricidad/módulo-de-fotovoltaica-monocristalino/index.html]
[www.solarcosur.com/productos-y-servicios/producción-de-electricidad/módulo-de-fotovoltaica-microamórfos/index.html]
[www.solarcosur.com/productos-y-servicios/producción-de-electricidad/módulo-de-fotovoltaica-microamórfos/index.html]
[www.solarcosur.com/productos-y-servicios/producción-de-electricidad/inversores-fotovoltaicos/index.html]
[www.solarcosur.com/productos-y-servicios/producción-de-electricidad/inversores-fotovoltaicos/index.html]
